MINISQL MVS READY
END STATEMENTS WITH ;  USE .QUIT TO EXIT
OK TABLE CREATED
OK TABLE CREATED
OK 1 ROW INSERTED
OK 1 ROW INSERTED
OK 1 ROW INSERTED
OK 1 ROW INSERTED
PLAN JOIN P -> C
PLAN LEFT TABLE SCAN P
PLAN RIGHT TABLE SCAN C
P.NAME | C.ITEM
-------|-------
ANA    | BOOK
IVO    | PEN
OK 2 ROWS
OK INDEX CREATED
PLAN JOIN P -> C
PLAN LEFT TABLE SCAN P
PLAN RIGHT INDEX LOOKUP IXPID ON C(PID)
P.NAME | C.ITEM
-------|-------
ANA    | BOOK
IVO    | PEN
OK 2 ROWS
OK TRANSACTION BEGIN
OK 1 ROWS UPDATED
P.NAME | C.ITEM
-------|-------
ANA    | BOOK
ANA    | PEN
OK 2 ROWS
OK TRANSACTION ROLLBACK
P.NAME | C.ITEM
-------|-------
ANA    | BOOK
IVO    | PEN
OK 2 ROWS
OK 1 ROWS UPDATED
P.NAME | C.ITEM
-------|-------
ANA    | PEN
ANA    | BOOK
OK 2 ROWS
ID | PID | ITEM
---|-----|-----
11 | 1   | PEN
10 | 1   | BOOK
OK 2 ROWS
ID | PID | ITEM
---|-----|-----
OK 0 ROWS
OK INDEX DROPPED
PLAN JOIN P -> C
PLAN LEFT TABLE SCAN P
PLAN RIGHT TABLE SCAN C
P.NAME | C.ITEM
-------|-------
ANA    | PEN
ANA    | BOOK
OK 2 ROWS
