MINISQL MVS READY
END STATEMENTS WITH ;  USE .QUIT TO EXIT
OK TABLE CREATED
OK 1 ROW INSERTED
OK 1 ROW INSERTED
OK INDEX CREATED
OK TRANSACTION BEGIN
OK 1 ROWS UPDATED
OK 1 ROWS DELETED
OK 1 ROW INSERTED
ID | NAME
---|-----
1  | MIRA
3  | ZORA
OK 2 ROWS
OK TRANSACTION ROLLBACK
ID | NAME
---|-----
1  | ANA
2  | IVO
OK 2 ROWS
ID | NAME
---|-----
1  | ANA
OK 1 ROWS
ID | NAME
---|-----
OK 0 ROWS
OK TRANSACTION BEGIN
OK 1 ROWS UPDATED
OK TRANSACTION COMMIT
ID | NAME
---|-----
1  | MIRA
OK 1 ROWS
OK TRANSACTION BEGIN
OK TABLE CREATED
OK INDEX DROPPED
OK TRANSACTION ROLLBACK
P
P(ID INT PRIMARY KEY, NAME VARCHAR(8))
INDEX IXNAME ON P(NAME)
OK TABLE CREATED
OK 1 ROW INSERTED
ERR FOREIGN KEY NOT FOUND
ERR ROW REFERENCED
ERR FOREIGN KEY NOT FOUND
ERR CANNOT UPDATE PRIMARY KEY
ERR DUPLICATE PRIMARY KEY
OK TRANSACTION BEGIN
OK TABLE DROPPED
OK TRANSACTION ROLLBACK
ID | PID
---|----
10 | 1
OK 1 ROWS
OK 1 ROWS DELETED
OK TABLE DROPPED
OK 1 ROWS DELETED
OK INDEX DROPPED
OK TABLE DROPPED
NO TABLES
ERR NO TRANSACTION
ERR NO TRANSACTION
